GIT MERGE CONFLICT

--continue from topic "git branch and merge"

1. create new branch name dev
                 1- $ git branch dev
                 2- $ git branch (currently we are on master branch)
                      dev
                    * master
                    
                 3- $ git checkout dev (switch to branch dev)
                    Switched to branch 'dev'
                    
2. on dev branch , make a change in mahasiswa.html and save.
                 4- $ git status (show that mahasiswa.html have been modified and not commit yet)
                    On branch dev
                    Changes not staged for commit:
                      (use "git add <file>..." to update what will be committed)
                      (use "git restore <file>..." to discard changes in working directory)
                            modified:   mahasiswa.html

                    no changes added to commit (use "git add" and/or "git commit -a")
3. Add mahasiswa.html file to staging area and commit

                   5- $ git add .
                   6- $ git commit -m "mengubah file mahasiswa.html"
                        [dev 7e1075b] mengubah file mahasiswa.html
                        1 file changed, 4 insertions(+), 3 deletions(-)
                        
4. show the current graph (continue from tutorial git branch & merge)
                    7- $ git log --all --decorate --oneline --graph
                        * 7e1075b (HEAD -> dev) mengubah file mahasiswa.html
                        *   133c14b (master) Merge branch 'staff'
                        |\
                        | * 6d32aca Menambahkan file staff.html
                        * | 4d630df menambahkan file dosen.html
                        |/
                        * 47de190 menambah 1 data mahasiswa
                        * 260e41f menambahkan file mahasiswa.html
                        
 5. change to master branch and also modified mahasiswa.html that not same with changes made in mahasiswa.html in dev branch. Add and commit
                     8- $ git checkout master
                        Switched to branch 'master'
                     9- $ git commit -am "mengubah isi dari file mahasiswa.html"      
                        [master 33660bc] mengubah isi dari file mahasiswa.html
                         1 file changed, 2 insertions(+), 4 deletions(-)
                         
                     10 - $ git log --all --decorate --oneline --graph
                          * 33660bc (HEAD -> master) mengubah isi dari file mahasiswa.html
                          | * 7e1075b (dev) mengubah file mahasiswa.html
                          |/
                          *   133c14b Merge branch 'staff'
                          |\
                          | * 6d32aca Menambahkan file staff.html
                          * | 4d630df menambahkan file dosen.html
                          |/
                          * 47de190 menambah 1 data mahasiswa
                          * 260e41f menambahkan file mahasiswa.html
-------------- this is the current graph where have different commit from branch master and dev
6. CONFLICT MERGE (merge dev branch to master)

                     11- $ git merge dev
                        Auto-merging mahasiswa.html
                        CONFLICT (content): Merge conflict in mahasiswa.html
                        Automatic merge failed; fix conflicts and then commit the result.
                        
 7. it will show the different on branch dev and master. choose to delete or keep the code and save.
                     12- $ git status (to check status)
                          On branch master
                          You have unmerged paths.
                            (fix conflicts and run "git commit")
                            (use "git merge --abort" to abort the merge)

                          Unmerged paths:
                            (use "git add <file>..." to mark resolution)
                                  both modified:   mahasiswa.html

                          no changes added to commit (use "git add" and/or "git commit -a")
                     13- $ git add . (add the modified file into staging area)
                     14- $ git commit
                          hint: Waiting for your editor to close the file...
                          [master 3f7eacd] Merge branch 'dev'
                          
                     15- $ git log --all --decorate --oneline --graph
                            *   3f7eacd (HEAD -> master) Merge branch 'dev'
                            |\
                            | * 7e1075b (dev) mengubah file mahasiswa.html
                            * | 33660bc mengubah isi dari file mahasiswa.html
                            |/
                            *   133c14b Merge branch 'staff'
                            |\
                            | * 6d32aca Menambahkan file staff.html
                            * | 4d630df menambahkan file dosen.html
                            |/
                            * 47de190 menambah 1 data mahasiswa
                            * 260e41f menambahkan file mahasiswa.html
------------------------dev branch successfully merge---------------
                    16- $ git branch -d dev (delete dev branch)
                          Deleted branch dev (was 7e1075b).

************* how to checkout/back to any commit? 
example: checkout the commit "menambahkan file dosen.html"
                     1- $ git log (will display all the commit)
                          commit 3f7eacdd96ffe950622fb1fe2361ddcc417e00c3 (HEAD -> master)
                          Merge: 33660bc 7e1075b
                          Author: inashukor <ishukor51@gmail.com>
                          Date:   Fri Jan 29 15:07:27 2021 +0800

                              Merge branch 'dev'

                          commit 33660bc71ff457b7bd31d94b2a8c91767964fe3a
                          Author: inashukor <ishukor51@gmail.com>
                          Date:   Fri Jan 29 14:36:38 2021 +0800

                              mengubah isi dari file mahasiswa.html

                          commit 7e1075b72da1adda9c0e461ff736c8a2b7dfd5ef
                          Author: inashukor <ishukor51@gmail.com>
                          Date:   Fri Jan 29 14:26:13 2021 +0800

                              mengubah file mahasiswa.html

                          commit 133c14b85166a76950287679b98cb86527653af4
                          Merge: 4d630df 6d32aca
                          Author: inashukor <ishukor51@gmail.com>
                          Date:   Wed Jan 27 14:25:16 2021 +0800

                              Merge branch 'staff'

                          commit 6d32acaad24d2482d67bea9e52feb680d9529577
                          Author: inashukor <ishukor51@gmail.com>
                          Date:   Tue Jan 26 17:11:23 2021 +0800

                              Menambahkan file staff.html

                          commit 4d630df1d25dc66caf74c7b0b73b28e04f929d0e
                          Author: inashukor <ishukor51@gmail.com>
                          Date:   Tue Jan 26 16:00:48 2021 +0800

                              menambahkan file dosen.html
                       
                       
                      2- $ git checkout 4d630df (copy 7 digit from commit hash)
                          Note: switching to '4d630df'.

                          You are in 'detached HEAD' state. You can look around, make experimental
                          changes and commit them, and you can discard any commits you make in this
                          state without impacting any branches by switching back to a branch.

                          If you want to create a new branch to retain commits you create, you may
                          do so (now or later) by using -c with the switch command. Example:

                            git switch -c <new-branch-name>

                          Or undo this operation with:

                            git switch -

                          Turn off this advice by setting config variable advice.detachedHead to false

                          HEAD is now at 4d630df menambahkan file dosen.html

                      3- $ git log --all --decorate --oneline --graph (display 'detached HEAD' state.)
                      
                            *   3f7eacd (master) Merge branch 'dev'
                            |\
                            | * 7e1075b mengubah file mahasiswa.html
                            * | 33660bc mengubah isi dari file mahasiswa.html
                            |/
                            *   133c14b Merge branch 'staff'
                            |\
                            | * 6d32aca Menambahkan file staff.html
                            * | 4d630df (HEAD) menambahkan file dosen.html
                            |/
                            * 47de190 menambah 1 data mahasiswa
                            * 260e41f menambahkan file mahasiswa.html
  
  currently the HEAD at commit 4d630df and we can add branch from that point or checkout back to the master
                            
                            
